=== MAIN RUN DONE, starting auxiliaries ===
### shuffle airline
airline sig_raw_L2  intact  AUC=0.622 [0.525,0.721]
   shuffled rep 0: AUC=0.548
   shuffled rep 1: AUC=0.599
   shuffled rep 2: AUC=0.584
airline sig_raw_L2  shuffled AUC=0.577 +/- 0.021

### shuffle retail
retail sig_raw_L2  intact  AUC=0.611 [0.557,0.658]
   shuffled rep 0: AUC=0.527
   shuffled rep 1: AUC=0.550
   shuffled rep 2: AUC=0.542
retail sig_raw_L2  shuffled AUC=0.539 +/- 0.010

### shuffle telecom
telecom sig_raw_L2  intact  AUC=0.898 [0.863,0.927]
   shuffled rep 0: AUC=0.676
   shuffled rep 1: AUC=0.676
   shuffled rep 2: AUC=0.691
telecom sig_raw_L2  shuffled AUC=0.681 +/- 0.007

### shuffle pooled
pooled sig_raw_L2  intact  AUC=0.727 [0.692,0.763]
   shuffled rep 0: AUC=0.685
   shuffled rep 1: AUC=0.687
   shuffled rep 2: AUC=0.668
pooled sig_raw_L2  shuffled AUC=0.680 +/- 0.008

### verbosity airline
--- airline / with_verbosity (V=214) ---
   sig_raw_L2         ARI model=0.240 task=0.079  AUC=0.622
   sig_cum_L2         ARI model=0.004 task=0.097  AUC=0.685
   bag_of_symbols     ARI model=0.021 task=0.257  AUC=0.607
   tfidf_kgram        ARI model=0.265 task=0.200  AUC=0.672
Traceback (most recent call last):
  File "/home/user/ai-algos/signature_trajectories/ablate_verbosity.py", line 53, in <module>
    main(*(sys.argv[1:] or []))
  File "/home/user/ai-algos/signature_trajectories/ablate_verbosity.py", line 29, in main
    R = canon.build_R(vocab)
        ^^^^^^^^^^^^^^^^^^^^
  File "/home/user/ai-algos/signature_trajectories/canon.py", line 95, in build_R
    R[i, 4] = int(parts[2][1:]) / (len(SAY_EDGES))
                  ~~~~~^^^
IndexError: list index out of range
### verbosity retail
--- retail / with_verbosity (V=214) ---
   sig_raw_L2         ARI model=0.269 task=0.076  AUC=0.611
   sig_cum_L2         ARI model=0.006 task=0.096  AUC=0.590
   bag_of_symbols     ARI model=0.000 task=0.398  AUC=0.585
   tfidf_kgram        ARI model=0.343 task=0.294  AUC=0.654
Traceback (most recent call last):
  File "/home/user/ai-algos/signature_trajectories/ablate_verbosity.py", line 53, in <module>
    main(*(sys.argv[1:] or []))
  File "/home/user/ai-algos/signature_trajectories/ablate_verbosity.py", line 29, in main
    R = canon.build_R(vocab)
        ^^^^^^^^^^^^^^^^^^^^
  File "/home/user/ai-algos/signature_trajectories/canon.py", line 95, in build_R
    R[i, 4] = int(parts[2][1:]) / (len(SAY_EDGES))
                  ~~~~~^^^
IndexError: list index out of range
### verbosity telecom
--- telecom / with_verbosity (V=214) ---
   sig_raw_L2         ARI model=0.043 task=0.029  AUC=0.898
   sig_cum_L2         ARI model=0.030 task=0.030  AUC=0.843
   bag_of_symbols     ARI model=0.004 task=0.090  AUC=0.891
   tfidf_kgram        ARI model=0.007 task=0.067  AUC=0.877
Traceback (most recent call last):
  File "/home/user/ai-algos/signature_trajectories/ablate_verbosity.py", line 53, in <module>
    main(*(sys.argv[1:] or []))
  File "/home/user/ai-algos/signature_trajectories/ablate_verbosity.py", line 29, in main
    R = canon.build_R(vocab)
        ^^^^^^^^^^^^^^^^^^^^
  File "/home/user/ai-algos/signature_trajectories/canon.py", line 95, in build_R
    R[i, 4] = int(parts[2][1:]) / (len(SAY_EDGES))
                  ~~~~~^^^
IndexError: list index out of range
### paired comparisons

=== airline (n=800, 50 tasks) ===
A                        vs B                        dAUC             95% CI       p
sig_raw_L2               bag_of_symbols            +0.015  [-0.055,+0.092]  0.6690
sig_cum_L2               bag_of_symbols            +0.078  [-0.022,+0.190]  0.1405
sig_raw_L3               bag_of_symbols            +0.047  [-0.022,+0.124]  0.1940
sig_cum_L3               bag_of_symbols            +0.059  [-0.031,+0.157]  0.2265
sig_raw_L2               length                    -0.013  [-0.097,+0.076]  0.8050
sig_cum_L2               length                    +0.049  [+0.013,+0.087]  0.0025 *
bag_of_symbols           length                    -0.029  [-0.146,+0.074]  0.6455
tfidf_kgram              bag_of_symbols            +0.064  [+0.003,+0.133]  0.0370 *
sig_raw_L2_plus_len      length                    +0.004  [-0.076,+0.086]  0.8755
bag_plus_sig_raw_L2      bag_of_symbols            +0.017  [-0.015,+0.049]  0.2975
sig_raw_L2               sig_raw_L2_no_t           -0.010  [-0.044,+0.020]  0.6190
sig_raw_L3               sig_raw_L3_no_t           +0.010  [-0.011,+0.028]  0.3245
lsa_text                 bag_of_symbols            -0.047  [-0.141,+0.050]  0.3300

=== retail (n=1824, 114 tasks) ===
A                        vs B                        dAUC             95% CI       p
sig_raw_L2               bag_of_symbols            +0.026  [-0.029,+0.083]  0.3865
sig_cum_L2               bag_of_symbols            +0.005  [-0.057,+0.065]  0.8940
sig_raw_L3               bag_of_symbols            +0.026  [-0.021,+0.077]  0.2940
sig_cum_L3               bag_of_symbols            +0.003  [-0.062,+0.066]  0.9045
sig_raw_L2               length                    +0.094  [+0.021,+0.167]  0.0110 *
sig_cum_L2               length                    +0.073  [-0.000,+0.145]  0.0505
bag_of_symbols           length                    +0.068  [-0.024,+0.161]  0.1460
tfidf_kgram              bag_of_symbols            +0.069  [+0.027,+0.112]  0.0005 *
sig_raw_L2_plus_len      length                    +0.093  [+0.023,+0.164]  0.0100 *
bag_plus_sig_raw_L2      bag_of_symbols            +0.023  [-0.000,+0.045]  0.0505
sig_raw_L2               sig_raw_L2_no_t           +0.048  [+0.019,+0.076]  0.0010 *
sig_raw_L3               sig_raw_L3_no_t           +0.031  [+0.009,+0.052]  0.0060 *
lsa_text                 bag_of_symbols            +0.062  [-0.014,+0.141]  0.1205

=== telecom (n=1824, 114 tasks) ===
A                        vs B                        dAUC             95% CI       p
sig_raw_L2               bag_of_symbols            +0.007  [-0.008,+0.022]  0.3385
sig_cum_L2               bag_of_symbols            -0.048  [-0.069,-0.027]  0.0003 *
sig_raw_L3               bag_of_symbols            +0.013  [-0.005,+0.030]  0.1410
sig_cum_L3               bag_of_symbols            -0.034  [-0.053,-0.015]  0.0003 *
sig_raw_L2               length                    +0.169  [+0.123,+0.219]  0.0003 *
sig_cum_L2               length                    +0.114  [+0.078,+0.151]  0.0003 *
bag_of_symbols           length                    +0.162  [+0.117,+0.210]  0.0003 *
tfidf_kgram              bag_of_symbols            -0.015  [-0.032,+0.003]  0.1120
sig_raw_L2_plus_len      length                    +0.170  [+0.124,+0.220]  0.0003 *
bag_plus_sig_raw_L2      bag_of_symbols            +0.012  [+0.004,+0.019]  0.0030 *
sig_raw_L2               sig_raw_L2_no_t           +0.003  [-0.002,+0.007]  0.2245
sig_raw_L3               sig_raw_L3_no_t           +0.009  [-0.001,+0.019]  0.0745
lsa_text                 bag_of_symbols            +0.078  [+0.057,+0.102]  0.0003 *

=== pooled (n=4448, 278 tasks) ===
A                        vs B                        dAUC             95% CI       p
sig_raw_L2               bag_of_symbols            -0.032  [-0.057,-0.007]  0.0125 *
sig_cum_L2               bag_of_symbols            -0.036  [-0.060,-0.012]  0.0035 *
sig_raw_L3               bag_of_symbols            +0.025  [+0.003,+0.048]  0.0290 *
sig_cum_L3               bag_of_symbols            -0.009  [-0.031,+0.014]  0.4485
sig_raw_L2               length                    +0.039  [+0.014,+0.063]  0.0035 *
sig_cum_L2               length                    +0.035  [+0.013,+0.057]  0.0035 *
bag_of_symbols           length                    +0.070  [+0.037,+0.104]  0.0003 *
tfidf_kgram              bag_of_symbols            +0.028  [+0.013,+0.044]  0.0003 *
sig_raw_L2_plus_len      length                    +0.041  [+0.017,+0.065]  0.0020 *
bag_plus_sig_raw_L2      bag_of_symbols            +0.005  [+0.000,+0.011]  0.0465 *
sig_raw_L2               sig_raw_L2_no_t           +0.003  [-0.006,+0.012]  0.5215
sig_raw_L3               sig_raw_L3_no_t           +0.006  [-0.001,+0.013]  0.0855
lsa_text                 bag_of_symbols            +0.084  [+0.057,+0.114]  0.0003 *
### interpret airline sig_raw_L2
=== airline / sig_raw_L2  (C=0.01, standardised coefficients) ===
rank     coef lvl  channels
   1   -0.191   2  is_write -> log_out_size
   2   +0.191   2  log_out_size -> is_write
   3   -0.114   2  is_write -> t_index
   4   +0.114   2  t_index -> is_write
   5   -0.109   2  depth -> log_out_size
   6   +0.109   2  log_out_size -> depth
   7   +0.109   2  arg_size_bucket -> is_write
   8   -0.109   2  is_write -> arg_size_bucket
   9   +0.100   2  arg_size_bucket -> t_index
  10   +0.097   2  arg_size_bucket -> depth
  11   -0.097   2  depth -> arg_size_bucket
  12   -0.090   2  is_search -> is_error
  13   +0.090   2  is_error -> is_search
  14   +0.090   2  arg_size_bucket -> target_novel
  15   -0.090   2  target_novel -> arg_size_bucket

|weight| mass by signature level: {1: '0.016', 2: '0.984'}

|weight| mass by channel:
   arg_size_bucket  0.146
   is_write         0.119
   log_out_size     0.112
   t_index          0.110
   depth            0.105
   target_novel     0.097
   is_search        0.083
   retry_flag       0.073
   is_read          0.058
   is_error         0.050
   cum_err_rate     0.046

top signed-area (Levy) pairs by |w_ij - w_ji|:
    -0.381  (is_write, log_out_size)
    -0.228  (is_write, t_index)
    -0.219  (depth, log_out_size)
    -0.219  (is_write, arg_size_bucket)
    +0.194  (arg_size_bucket, depth)
    +0.185  (arg_size_bucket, t_index)
    -0.180  (is_search, is_error)
    +0.179  (arg_size_bucket, target_novel)
    +0.163  (retry_flag, t_index)
    +0.140  (target_novel, t_index)
### interpret airline sig_cum_L2
=== airline / sig_cum_L2  (C=0.01, standardised coefficients) ===
rank     coef lvl  channels
   1   -0.168   2  is_write -> t_index
   2   -0.129   2  t_index -> log_out_size
   3   -0.114   1  is_write
   4   +0.112   2  cum_err_rate -> is_search
   5   -0.105   2  is_write -> is_read
   6   -0.103   2  is_write -> log_out_size
   7   +0.100   2  is_read -> target_novel
   8   -0.098   2  target_novel -> t_index
   9   -0.090   2  depth -> t_index
  10   -0.089   1  log_out_size
  11   -0.089   1  depth
  12   +0.087   2  is_search -> is_write
  13   -0.086   2  t_index -> depth
  14   +0.082   2  target_novel -> is_write
  15   +0.081   2  depth -> is_write

|weight| mass by signature level: {1: '0.109', 2: '0.891'}

|weight| mass by channel:
   is_write         0.141
   t_index          0.131
   target_novel     0.104
   log_out_size     0.104
   is_read          0.099
   depth            0.098
   is_search        0.094
   cum_err_rate     0.065
   arg_size_bucket  0.061
   retry_flag       0.059
   is_error         0.044

top signed-area (Levy) pairs by |w_ij - w_ji|:
    -0.166  (target_novel, t_index)
    +0.159  (is_read, is_write)
    +0.156  (is_read, target_novel)
    -0.138  (is_write, depth)
    -0.137  (is_write, is_search)
    -0.109  (target_novel, log_out_size)
    -0.093  (is_search, cum_err_rate)
    -0.087  (is_write, t_index)
    -0.085  (is_write, log_out_size)
    -0.085  (t_index, log_out_size)
### interpret retail sig_raw_L2
=== retail / sig_raw_L2  (C=0.1, standardised coefficients) ===
rank     coef lvl  channels
   1   -0.352   2  t_index -> cum_err_rate
   2   -0.341   2  log_out_size -> t_index
   3   -0.335   2  cum_err_rate -> cum_err_rate
   4   -0.262   2  log_out_size -> cum_err_rate
   5   -0.244   2  depth -> t_index
   6   +0.244   2  t_index -> depth
   7   +0.223   2  cum_err_rate -> t_index
   8   +0.211   2  is_search -> cum_err_rate
   9   -0.211   2  cum_err_rate -> is_search
  10   -0.198   2  target_novel -> arg_size_bucket
  11   +0.198   2  arg_size_bucket -> target_novel
  12   +0.191   2  is_write -> log_out_size
  13   -0.191   2  log_out_size -> is_write
  14   +0.183   2  is_error -> cum_err_rate
  15   -0.183   2  cum_err_rate -> is_error

|weight| mass by signature level: {1: '0.017', 2: '0.983'}

|weight| mass by channel:
   cum_err_rate     0.152
   t_index          0.129
   log_out_size     0.104
   depth            0.099
   is_read          0.087
   arg_size_bucket  0.086
   is_write         0.082
   is_search        0.078
   target_novel     0.074
   retry_flag       0.057
   is_error         0.052

top signed-area (Levy) pairs by |w_ij - w_ji|:
    -0.575  (t_index, cum_err_rate)
    -0.488  (depth, t_index)
    +0.479  (t_index, log_out_size)
    +0.422  (is_search, cum_err_rate)
    +0.396  (arg_size_bucket, target_novel)
    +0.381  (is_write, log_out_size)
    +0.366  (is_error, cum_err_rate)
    +0.357  (is_read, t_index)
    +0.311  (retry_flag, depth)
    -0.290  (target_novel, cum_err_rate)
### interpret retail sig_cum_L2
=== retail / sig_cum_L2  (C=10.0, standardised coefficients) ===
rank     coef lvl  channels
   1   -5.381   2  target_novel -> is_write
   2   -4.179   2  log_out_size -> cum_err_rate
   3   +4.092   2  arg_size_bucket -> depth
   4   -3.828   2  target_novel -> target_novel
   5   +3.180   2  is_read -> t_index
   6   -3.117   2  is_write -> is_error
   7   +2.872   2  t_index -> is_error
   8   -2.868   2  is_error -> target_novel
   9   +2.617   2  is_read -> is_write
  10   -2.536   2  log_out_size -> is_read
  11   +2.519   2  is_error -> is_read
  12   -2.495   2  is_read -> target_novel
  13   +2.411   2  t_index -> target_novel
  14   -2.328   2  is_read -> cum_err_rate
  15   -2.294   2  target_novel -> is_read

|weight| mass by signature level: {1: '0.045', 2: '0.955'}

|weight| mass by channel:
   target_novel     0.134
   is_read          0.125
   depth            0.119
   log_out_size     0.097
   is_write         0.095
   is_error         0.093
   cum_err_rate     0.091
   arg_size_bucket  0.075
   t_index          0.071
   is_search        0.052
   retry_flag       0.048

top signed-area (Levy) pairs by |w_ij - w_ji|:
    +5.387  (arg_size_bucket, depth)
    +5.184  (is_read, t_index)
    +4.237  (is_write, target_novel)
    -4.161  (is_read, is_error)
    +4.156  (is_read, depth)
    -3.918  (is_write, is_error)
    -3.579  (is_error, depth)
    -3.349  (is_error, target_novel)
    -3.258  (is_error, t_index)
    -3.249  (depth, cum_err_rate)
### interpret telecom sig_raw_L2
=== telecom / sig_raw_L2  (C=0.1, standardised coefficients) ===
rank     coef lvl  channels
   1   -0.980   2  log_out_size -> log_out_size
   2   +0.770   1  log_out_size
   3   +0.709   2  t_index -> log_out_size
   4   +0.465   2  log_out_size -> t_index
   5   +0.429   2  t_index -> arg_size_bucket
   6   +0.391   2  depth -> is_write
   7   -0.391   2  is_write -> depth
   8   +0.365   1  arg_size_bucket
   9   +0.324   2  is_read -> arg_size_bucket
  10   -0.323   2  arg_size_bucket -> is_read
  11   -0.263   2  arg_size_bucket -> arg_size_bucket
  12   -0.252   2  arg_size_bucket -> t_index
  13   +0.235   2  is_write -> t_index
  14   -0.223   2  t_index -> is_write
  15   +0.212   2  arg_size_bucket -> depth

|weight| mass by signature level: {1: '0.088', 2: '0.912'}

|weight| mass by channel:
   log_out_size     0.201
   arg_size_bucket  0.155
   t_index          0.135
   is_write         0.101
   depth            0.076
   retry_flag       0.064
   is_search        0.064
   cum_err_rate     0.059
   is_read          0.053
   is_error         0.053
   target_novel     0.039

top signed-area (Levy) pairs by |w_ij - w_ji|:
    -0.781  (is_write, depth)
    -0.681  (arg_size_bucket, t_index)
    +0.647  (is_read, arg_size_bucket)
    +0.458  (is_write, t_index)
    +0.422  (arg_size_bucket, depth)
    +0.416  (is_write, arg_size_bucket)
    -0.369  (is_search, log_out_size)
    +0.316  (retry_flag, cum_err_rate)
    -0.311  (is_search, arg_size_bucket)
    +0.299  (arg_size_bucket, retry_flag)
### interpret telecom sig_cum_L2
=== telecom / sig_cum_L2  (C=10.0, standardised coefficients) ===
rank     coef lvl  channels
   1  +10.614   2  t_index -> log_out_size
   2  -10.054   2  log_out_size -> t_index
   3   -5.846   2  is_read -> t_index
   4   +5.047   2  t_index -> depth
   5   +4.352   2  is_read -> arg_size_bucket
   6   +3.802   2  is_read -> log_out_size
   7   -3.632   2  log_out_size -> is_write
   8   -3.361   2  target_novel -> arg_size_bucket
   9   +3.355   2  arg_size_bucket -> is_read
  10   -3.103   2  is_error -> t_index
  11   +3.077   2  is_write -> retry_flag
  12   -2.946   2  retry_flag -> arg_size_bucket
  13   +2.748   2  log_out_size -> is_error
  14   +2.717   2  depth -> arg_size_bucket
  15   -2.693   2  depth -> is_error

|weight| mass by signature level: {1: '0.046', 2: '0.954'}

|weight| mass by channel:
   log_out_size     0.164
   t_index          0.156
   arg_size_bucket  0.099
   depth            0.098
   is_read          0.092
   is_write         0.080
   retry_flag       0.073
   is_error         0.068
   cum_err_rate     0.059
   target_novel     0.058
   is_search        0.053

top signed-area (Levy) pairs by |w_ij - w_ji|:
   +20.668  (t_index, log_out_size)
    -7.906  (is_read, t_index)
    -7.293  (depth, t_index)
    +4.124  (arg_size_bucket, log_out_size)
    +4.027  (is_error, depth)
    +3.914  (retry_flag, t_index)
    +3.723  (is_write, log_out_size)
    +3.634  (arg_size_bucket, target_novel)
    +3.626  (is_read, log_out_size)
    -3.565  (is_write, t_index)
### interpret pooled sig_raw_L2
=== pooled / sig_raw_L2  (C=0.1, standardised coefficients) ===
rank     coef lvl  channels
   1   +0.363   2  t_index -> log_out_size
   2   -0.337   2  log_out_size -> cum_err_rate
   3   -0.264   2  t_index -> cum_err_rate
   4   +0.254   1  log_out_size
   5   +0.247   2  is_write -> arg_size_bucket
   6   -0.247   2  arg_size_bucket -> is_write
   7   -0.240   2  cum_err_rate -> cum_err_rate
   8   -0.239   2  arg_size_bucket -> is_read
   9   +0.236   2  is_read -> arg_size_bucket
  10   -0.235   2  arg_size_bucket -> t_index
  11   +0.230   2  log_out_size -> depth
  12   -0.227   2  depth -> t_index
  13   -0.224   2  depth -> log_out_size
  14   -0.221   2  arg_size_bucket -> arg_size_bucket
  15   -0.211   2  log_out_size -> t_index

|weight| mass by signature level: {1: '0.045', 2: '0.955'}

|weight| mass by channel:
   arg_size_bucket  0.128
   log_out_size     0.125
   cum_err_rate     0.123
   t_index          0.101
   target_novel     0.096
   is_read          0.094
   depth            0.093
   is_search        0.069
   is_write         0.063
   retry_flag       0.061
   is_error         0.047

top signed-area (Levy) pairs by |w_ij - w_ji|:
    +0.574  (t_index, log_out_size)
    +0.494  (is_write, arg_size_bucket)
    +0.474  (is_read, arg_size_bucket)
    -0.453  (depth, log_out_size)
    -0.419  (t_index, cum_err_rate)
    +0.407  (arg_size_bucket, retry_flag)
    -0.392  (depth, t_index)
    -0.376  (is_write, target_novel)
    -0.358  (is_read, target_novel)
    +0.357  (is_error, cum_err_rate)
### interpret pooled sig_cum_L2
=== pooled / sig_cum_L2  (C=1.0, standardised coefficients) ===
rank     coef lvl  channels
   1   -2.180   2  depth -> t_index
   2   -2.022   2  log_out_size -> t_index
   3   +1.858   2  is_read -> arg_size_bucket
   4   +1.791   2  is_write -> depth
   5   +1.706   2  t_index -> log_out_size
   6   -1.493   2  is_write -> is_read
   7   +1.466   2  t_index -> is_error
   8   -1.437   2  log_out_size -> is_write
   9   +1.391   2  is_read -> log_out_size
  10   -1.365   1  depth
  11   +1.269   2  target_novel -> depth
  12   +1.246   2  log_out_size -> target_novel
  13   -1.228   2  log_out_size -> retry_flag
  14   -1.140   2  is_write -> is_write
  15   -1.105   2  log_out_size -> cum_err_rate

|weight| mass by signature level: {1: '0.045', 2: '0.955'}

|weight| mass by channel:
   log_out_size     0.122
   is_write         0.113
   depth            0.097
   t_index          0.095
   arg_size_bucket  0.091
   is_read          0.090
   is_search        0.088
   retry_flag       0.085
   target_novel     0.080
   cum_err_rate     0.069
   is_error         0.068

top signed-area (Levy) pairs by |w_ij - w_ji|:
    +3.728  (t_index, log_out_size)
    +2.404  (is_read, log_out_size)
    -2.141  (is_error, t_index)
    -2.113  (is_write, target_novel)
    +2.109  (is_write, log_out_size)
    +2.101  (is_write, depth)
    +1.674  (is_search, t_index)
    -1.589  (target_novel, log_out_size)
    +1.569  (cum_err_rate, log_out_size)
    +1.549  (is_write, arg_size_bucket)
=== AUXILIARIES DONE ===

NOTE: the verbosity ablation above crashed on symbols whose trailing length
bucket had been stripped (canon.build_R assumed a fixed 3-part `say` symbol).
Fixed in canon.py; the corrected ablation output is in out/verbosity.txt.
